// Jest Snapshot v1, https://goo.gl/fbAQLP

exports[`Long Text Container:  should render 1`] = `
<div>
  foo
</div>
`;
