// Jest Snapshot v1, https://goo.gl/fbAQLP

exports[`Component: DefaultRedirect should render correctly by default 1`] = `<Loading />`;
