// Jest Snapshot v1, https://goo.gl/fbAQLP

exports[`renders correctly 1`] = `
<t
  bottom={true}
  content={
    <span>
      account/view, metrics/view, suppresions/view
    </span>
  }
  horizontalOffset="-24px"
  left={true}
  right={true}
>
  3
</t>
`;

exports[`renders correctly with no grants 1`] = `
<span>
  None
</span>
`;
