// Jest Snapshot v1, https://goo.gl/fbAQLP

exports[`renders correctly 1`] = `
<App
  loading={false}
>
  <t
    primaryAction={
      Object {
        "Component": [Function],
        "content": "Create API Key",
        "to": "/account/api-keys/create",
      }
    }
    title="API Keys"
  />
  <Connect(ReduxForm) />
  <TableCollection
    columns={
      Array [
        Object {
          "label": "Name",
          "width": "40%",
        },
        Object {
          "label": "Key",
          "width": "20%",
        },
        Object {
          "label": "Subaccount",
          "width": "20%",
        },
      ]
    }
    getRowData={[Function]}
    pagination={true}
    rows={
      Array [
        Object {
          "grants": Array [
            "metrics/view",
          ],
          "label": "Test Key 1",
          "short_key": "ab01",
        },
        Object {
          "grants": Array [
            "smtp/inject",
          ],
          "label": "Test Key 2",
          "short_key": "fe98",
        },
      ]
    }
  />
</App>
`;

exports[`renders errors when present 1`] = `
<App
  loading={false}
>
  <t
    primaryAction={
      Object {
        "Component": [Function],
        "content": "Create API Key",
        "to": "/account/api-keys/create",
      }
    }
    title="API Keys"
  />
  <ApiErrorBanner
    errorDetails="Uh oh! It broke. "
    message="Sorry, we seem to have had some trouble loading your API keys."
    reload={[Function]}
  />
</App>
`;
