// Jest Snapshot v1, https://goo.gl/fbAQLP

exports[`Action Creator: cookie consent  giveConsent should set the cookie 1`] = `
Object {
  "type": "GIVE_COOKIE_CONSENT",
}
`;
