// Jest Snapshot v1, https://goo.gl/fbAQLP

exports[`ListRow should render 1`] = `
<Table.Row
  key="id"
  rowData={
    Array [
      <Link
        replace={false}
        to="/templates/edit/id"
      >
        name
      </Link>,
      "id",
      "published",
      "date",
    ]
  }
/>
`;
