// Jest Snapshot v1, https://goo.gl/fbAQLP

exports[`renders without crashing 1`] = `
<BrowserRouter>
  <div>
    <withRouter(Connect(_AuthenticationGate)) />
    <Route
      exact={true}
      path="/"
      render={[Function]}
    />
    <Route
      component={[Function]}
      path="/auth"
    />
    <Route
      component={[Function]}
      path="/forgot-password"
    />
    <withRouter(Connect(_ProtectedRoute))
      component={[Function]}
      path="/dashboard"
    />
    <Route
      exact={true}
      path="/reports"
      render={[Function]}
    />
    <withRouter(Connect(_ProtectedRoute))
      component={[Function]}
      path="/reports/summary"
    />
    <withRouter(Connect(_ProtectedRoute))
      component={[Function]}
      exact={true}
      path="/templates"
    />
    <withRouter(Connect(_ProtectedRoute))
      component={[Function]}
      exact={true}
      path="/templates/create/"
    />
    <withRouter(Connect(_ProtectedRoute))
      component={[Function]}
      exact={true}
      path="/templates/edit/:id"
    />
    <withRouter(Connect(_ProtectedRoute))
      component={[Function]}
      exact={true}
      path="/templates/edit/:id/published"
    />
    <withRouter(Connect(_ProtectedRoute))
      component={[Function]}
      exact={true}
      path="/webhooks"
    />
    <withRouter(Connect(_ProtectedRoute))
      component={[Function]}
      exact={true}
      path="/webhooks/create"
    />
    <withRouter(Connect(_ProtectedRoute))
      component={[Function]}
      path="/webhooks/details/:id"
    />
    <withRouter(Connect(_ProtectedRoute))
      component={[Function]}
      exact={true}
      path="/account/api-keys"
    />
    <withRouter(Connect(_ProtectedRoute))
      component={[Function]}
      exact={true}
      path="/account/api-keys/create"
    />
    <withRouter(Connect(_ProtectedRoute))
      component={[Function]}
      path="/account/api-keys/details/:id"
    />
    <withRouter(Connect(_ProtectedRoute))
      component={[Function]}
      exact={true}
      path="/account/profile"
    />
    <withRouter(Connect(_ProtectedRoute))
      component={[Function]}
      exact={true}
      path="/account/billing"
    />
    <withRouter(Connect(_ProtectedRoute))
      component={[Function]}
      exact={true}
      path="/account/billing/change"
    />
    <Connect(GlobalAlert) />
  </div>
</BrowserRouter>
`;
