// Jest Snapshot v1, https://goo.gl/fbAQLP

exports[`Component: RoleSelect should render the select 1`] = `
<Select
  name={null}
  onChange={[Function]}
  options={
    Array [
      Object {
        "label": "Admin",
        "value": "admin",
      },
      Object {
        "label": "Reporting",
        "value": "reporting",
      },
    ]
  }
  placeholderValue=""
  required={false}
  value="admin"
/>
`;

exports[`Component: RoleSelect should render when disabled 1`] = `
<span>
  Admin
</span>
`;
